Jan  9 09:00:03 cyberus newsyslog[31179]: logfile turned over
Jan  9 13:18:09 cyberus ntpd[29009]: peer 37.187.104.44 now invalid
Jan  9 13:36:14 cyberus ntpd[29009]: peer 37.187.104.44 now valid
Jan  9 14:56:27 cyberus dhcpd[9373]: DHCPREQUEST for 192.168.3.11 from 00:0e:6a:04:c3:80 via sis0
Jan  9 14:56:27 cyberus dhcpd[9373]: DHCPACK on 192.168.3.11 to 00:0e:6a:04:c3:80 via sis0
Jan  9 16:32:27 cyberus ntpd[29009]: peer 195.83.66.158 now invalid
Jan  9 16:50:37 cyberus ntpd[29009]: peer 195.83.66.158 now valid
Jan  9 18:52:36 cyberus ntpd[29009]: peer 195.83.66.158 now invalid
Jan  9 19:03:19 cyberus ntpd[29009]: peer 195.83.66.158 now valid
Jan  9 20:56:27 cyberus dhcpd[9373]: DHCPREQUEST for 192.168.3.11 from 00:0e:6a:04:c3:80 via sis0
Jan  9 20:56:27 cyberus dhcpd[9373]: DHCPACK on 192.168.3.11 to 00:0e:6a:04:c3:80 via sis0
Jan 10 01:52:55 cyberus ntpd[9767]: adjusting clock frequency by -0.376267 to 1.410960ppm
Jan 10 02:56:26 cyberus dhcpd[9373]: DHCPREQUEST for 192.168.3.11 from 00:0e:6a:04:c3:80 via sis0
Jan 10 02:56:26 cyberus dhcpd[9373]: DHCPACK on 192.168.3.11 to 00:0e:6a:04:c3:80 via sis0
Jan 10 08:56:26 cyberus dhcpd[9373]: DHCPREQUEST for 192.168.3.11 from 00:0e:6a:04:c3:80 via sis0
Jan 10 08:56:26 cyberus dhcpd[9373]: DHCPACK on 192.168.3.11 to 00:0e:6a:04:c3:80 via sis0
Jan 10 14:56:26 cyberus dhcpd[9373]: DHCPREQUEST for 192.168.3.11 from 00:0e:6a:04:c3:80 via sis0
Jan 10 14:56:26 cyberus dhcpd[9373]: DHCPACK on 192.168.3.11 to 00:0e:6a:04:c3:80 via sis0
Jan 10 16:00:56 cyberus ntpd[29009]: peer 195.83.66.158 now invalid
Jan 10 16:12:25 cyberus ntpd[29009]: peer 195.83.66.158 now valid
Jan 10 17:23:55 cyberus ntpd[29009]: peer 195.83.66.158 now invalid
Jan 10 17:39:30 cyberus ntpd[29009]: peer 195.83.66.158 now valid
Jan 10 19:55:10 cyberus ntpd[9767]: adjusting clock frequency by 0.078418 to 1.489378ppm
Jan 10 20:56:26 cyberus dhcpd[9373]: DHCPREQUEST for 192.168.3.11 from 00:0e:6a:04:c3:80 via sis0
Jan 10 20:56:26 cyberus dhcpd[9373]: DHCPACK on 192.168.3.11 to 00:0e:6a:04:c3:80 via sis0
Jan 11 00:42:22 cyberus ntpd[29009]: peer 195.83.66.158 now invalid
Jan 11 00:51:19 cyberus ntpd[29009]: peer 195.83.66.158 now valid
Jan 11 02:56:26 cyberus dhcpd[9373]: DHCPREQUEST for 192.168.3.11 from 00:0e:6a:04:c3:80 via sis0
Jan 11 02:56:26 cyberus dhcpd[9373]: DHCPACK on 192.168.3.11 to 00:0e:6a:04:c3:80 via sis0
Jan 11 05:28:57 cyberus ntpd[9767]: adjusting clock frequency by 0.306605 to 1.795984ppm
Jan 11 08:56:25 cyberus dhcpd[9373]: DHCPREQUEST for 192.168.3.11 from 00:0e:6a:04:c3:80 via sis0
Jan 11 08:56:25 cyberus dhcpd[9373]: DHCPACK on 192.168.3.11 to 00:0e:6a:04:c3:80 via sis0
Jan 11 12:51:37 cyberus ntpd[29009]: peer 195.83.66.158 now invalid
Jan 11 13:05:08 cyberus ntpd[29009]: peer 195.83.66.158 now valid
Jan 11 13:36:59 cyberus ntpd[9767]: adjusting clock frequency by -0.346989 to 1.448995ppm
Jan 11 14:56:25 cyberus dhcpd[9373]: DHCPREQUEST for 192.168.3.11 from 00:0e:6a:04:c3:80 via sis0
Jan 11 14:56:25 cyberus dhcpd[9373]: DHCPACK on 192.168.3.11 to 00:0e:6a:04:c3:80 via sis0
Jan 11 15:17:20 cyberus ntpd[29009]: peer 195.83.66.158 now invalid
Jan 11 15:34:20 cyberus ntpd[29009]: peer 195.83.66.158 now valid
Jan 11 17:38:14 cyberus ntpd[29009]: peer 195.83.66.158 now invalid
Jan 11 17:47:09 cyberus ntpd[29009]: peer 195.83.66.158 now valid
Jan 11 20:56:25 cyberus dhcpd[9373]: DHCPREQUEST for 192.168.3.11 from 00:0e:6a:04:c3:80 via sis0
Jan 11 20:56:25 cyberus dhcpd[9373]: DHCPACK on 192.168.3.11 to 00:0e:6a:04:c3:80 via sis0
Jan 12 00:18:45 cyberus ntpd[9767]: adjusting clock frequency by 0.480362 to 1.929357ppm
Jan 12 02:56:25 cyberus dhcpd[9373]: DHCPREQUEST for 192.168.3.11 from 00:0e:6a:04:c3:80 via sis0
Jan 12 02:56:25 cyberus dhcpd[9373]: DHCPACK on 192.168.3.11 to 00:0e:6a:04:c3:80 via sis0
Jan 12 08:56:24 cyberus dhcpd[9373]: DHCPREQUEST for 192.168.3.11 from 00:0e:6a:04:c3:80 via sis0
Jan 12 08:56:24 cyberus dhcpd[9373]: DHCPACK on 192.168.3.11 to 00:0e:6a:04:c3:80 via sis0
Jan 12 12:26:36 cyberus ntpd[9767]: adjusting clock frequency by -0.370972 to 1.558386ppm
Jan 12 14:56:24 cyberus dhcpd[9373]: DHCPREQUEST for 192.168.3.11 from 00:0e:6a:04:c3:80 via sis0
Jan 12 14:56:24 cyberus dhcpd[9373]: DHCPACK on 192.168.3.11 to 00:0e:6a:04:c3:80 via sis0
Jan 12 16:32:11 cyberus ntpd[29009]: peer 195.83.66.158 now invalid
Jan 12 16:34:33 cyberus ntpd[29009]: peer 178.32.216.71 now invalid
Jan 12 16:37:11 cyberus ntpd[29009]: 2 out of 4 peers valid
Jan 12 16:37:11 cyberus ntpd[29009]: bad peer from pool fr.pool.ntp.org (195.83.66.158) 
Jan 12 16:37:11 cyberus ntpd[29009]: bad peer from pool fr.pool.ntp.org (178.32.216.71) 
Jan 12 16:38:49 cyberus ntpd[29009]: peer 37.187.104.44 now invalid
Jan 12 16:42:26 cyberus ntpd[29009]: peer 195.154.14.40 now invalid
Jan 12 20:56:24 cyberus dhcpd[9373]: DHCPREQUEST for 192.168.3.11 from 00:0e:6a:04:c3:80 via sis0
Jan 12 20:56:24 cyberus dhcpd[9373]: DHCPACK on 192.168.3.11 to 00:0e:6a:04:c3:80 via sis0
Jan 12 22:18:14 cyberus ntpd[29009]: peer 178.32.216.71 now valid
Jan 12 22:20:48 cyberus ntpd[29009]: peer 195.154.14.40 now valid
Jan 12 22:20:58 cyberus ntpd[29009]: peer 195.83.66.158 now valid
Jan 12 22:22:05 cyberus ntpd[29009]: peer 37.187.104.44 now valid
Jan 13 02:56:24 cyberus dhcpd[9373]: DHCPREQUEST for 192.168.3.11 from 00:0e:6a:04:c3:80 via sis0
Jan 13 02:56:24 cyberus dhcpd[9373]: DHCPACK on 192.168.3.11 to 00:0e:6a:04:c3:80 via sis0
Jan 13 03:09:02 cyberus ntpd[9767]: adjusting clock frequency by 0.233186 to 1.791571ppm
Jan 13 07:33:40 cyberus ntpd[29009]: peer 195.83.66.158 now invalid
Jan 13 07:42:47 cyberus ntpd[29009]: peer 195.83.66.158 now valid
Jan 13 08:31:16 cyberus ntpd[29009]: peer 195.83.66.158 now invalid
Jan 13 08:41:50 cyberus ntpd[29009]: peer 195.83.66.158 now valid
Jan 13 08:56:24 cyberus dhcpd[9373]: DHCPREQUEST for 192.168.3.11 from 00:0e:6a:04:c3:80 via sis0
Jan 13 08:56:24 cyberus dhcpd[9373]: DHCPACK on 192.168.3.11 to 00:0e:6a:04:c3:80 via sis0
Jan 13 12:26:44 cyberus ntpd[9767]: adjusting clock frequency by 0.421000 to 2.212571ppm
Jan 13 13:45:09 cyberus ntpd[29009]: reply from 195.83.66.158: not synced (alarm), next query 3236s
Jan 13 14:56:23 cyberus dhcpd[9373]: DHCPREQUEST for 192.168.3.11 from 00:0e:6a:04:c3:80 via sis0
Jan 13 14:56:23 cyberus dhcpd[9373]: DHCPACK on 192.168.3.11 to 00:0e:6a:04:c3:80 via sis0
Jan 13 15:06:21 cyberus ntpd[29009]: peer 195.83.66.158 now invalid
Jan 13 15:14:41 cyberus ntpd[29009]: peer 195.83.66.158 now valid
Jan 13 19:49:29 cyberus ntpd[29009]: peer 178.32.216.71 now invalid
Jan 13 20:02:19 cyberus ntpd[29009]: peer 195.83.66.158 now invalid
Jan 13 20:02:53 cyberus ntpd[29009]: 2 out of 4 peers valid
Jan 13 20:02:53 cyberus ntpd[29009]: bad peer from pool fr.pool.ntp.org (195.83.66.158) 
Jan 13 20:02:53 cyberus ntpd[29009]: bad peer from pool fr.pool.ntp.org (178.32.216.71) 
Jan 13 20:20:38 cyberus ntpd[29009]: peer 195.83.66.158 now valid
Jan 13 20:56:23 cyberus dhcpd[9373]: DHCPREQUEST for 192.168.3.11 from 00:0e:6a:04:c3:80 via sis0
Jan 13 20:56:23 cyberus dhcpd[9373]: DHCPACK on 192.168.3.11 to 00:0e:6a:04:c3:80 via sis0
Jan 13 22:26:44 cyberus ntpd[29009]: reply from 178.32.216.71: not synced (alarm), next query 3022s
Jan 13 23:11:02 cyberus ntpd[9767]: adjusting clock frequency by -0.543167 to 1.669404ppm
Jan 13 23:18:57 cyberus ntpd[29009]: peer 178.32.216.71 now valid
Jan 14 02:56:23 cyberus dhcpd[9373]: DHCPREQUEST for 192.168.3.11 from 00:0e:6a:04:c3:80 via sis0
Jan 14 02:56:23 cyberus dhcpd[9373]: DHCPACK on 192.168.3.11 to 00:0e:6a:04:c3:80 via sis0
Jan 14 08:56:23 cyberus dhcpd[9373]: DHCPREQUEST for 192.168.3.11 from 00:0e:6a:04:c3:80 via sis0
Jan 14 08:56:23 cyberus dhcpd[9373]: DHCPACK on 192.168.3.11 to 00:0e:6a:04:c3:80 via sis0
